everudp-status-v1 state connecting
everudp-status-v1 state connected
everudp-status-v1 state carrying
everudp-status-v1 state disconnected ambiguous-input=1
everudp-status-v1 state migrating
everudp-status-v1 state reconnecting ambiguous-input=1
everudp-status-v1 state recovering-over-ssh ambiguous-input=1
everudp-status-v1 state reconnecting ambiguous-input=1
everudp-status-v1 heartbeat disconnected elapsed-ms=60000 ambiguous-input=1
everudp-status-v1 state recovering-over-ssh ambiguous-input=1
everudp-status-v1 state reconnecting ambiguous-input=1
everudp-status-v1 heartbeat disconnected elapsed-ms=120001 ambiguous-input=1
everudp-status-v1 state recovering-over-ssh ambiguous-input=1
everudp-status-v1 state reconnecting ambiguous-input=1
everudp-status-v1 heartbeat disconnected elapsed-ms=180003 ambiguous-input=1
everudp-status-v1 state recovering-over-ssh ambiguous-input=1
everudp-status-v1 state reconnecting ambiguous-input=1
everudp-status-v1 heartbeat disconnected elapsed-ms=240003 ambiguous-input=1
everudp-status-v1 state recovering-over-ssh ambiguous-input=1
everudp-status-v1 state reconnecting ambiguous-input=1
everudp-status-v1 heartbeat disconnected elapsed-ms=300004 ambiguous-input=1
everudp-status-v1 state recovering-over-ssh ambiguous-input=1
everudp-status-v1 state reconnecting ambiguous-input=1
everudp-status-v1 heartbeat disconnected elapsed-ms=360005 ambiguous-input=1
everudp-status-v1 state recovering-over-ssh ambiguous-input=1
everudp-status-v1 state reconnecting ambiguous-input=1
everudp-status-v1 heartbeat disconnected elapsed-ms=420006 ambiguous-input=1
everudp-status-v1 state recovering-over-ssh ambiguous-input=1
everudp-status-v1 state reconnecting ambiguous-input=1
everudp-status-v1 heartbeat disconnected elapsed-ms=481490 ambiguous-input=1
everudp-status-v1 state recovering-over-ssh ambiguous-input=1
everudp-status-v1 state reconnecting ambiguous-input=1
everudp-status-v1 heartbeat disconnected elapsed-ms=543808 ambiguous-input=1
everudp-status-v1 state recovering-over-ssh ambiguous-input=1
everudp-status-v1 state reconnecting ambiguous-input=1
everudp-status-v1 heartbeat disconnected elapsed-ms=603809 ambiguous-input=1
everudp-status-v1 state recovering-over-ssh ambiguous-input=1
everudp-status-v1 state reconnecting ambiguous-input=1
everudp-status-v1 heartbeat disconnected elapsed-ms=663810 ambiguous-input=1
everudp-status-v1 state recovering-over-ssh ambiguous-input=1
everudp-status-v1 state reconnecting ambiguous-input=1
everudp-status-v1 heartbeat disconnected elapsed-ms=723844 ambiguous-input=1
everudp-status-v1 state recovering-over-ssh ambiguous-input=1
everudp-status-v1 heartbeat disconnected elapsed-ms=783862 ambiguous-input=1
everudp-status-v1 state reconnecting ambiguous-input=1
everudp-status-v1 state recovering-over-ssh ambiguous-input=1
everudp-status-v1 heartbeat disconnected elapsed-ms=846878 ambiguous-input=1
everudp-status-v1 state reconnecting ambiguous-input=1
everudp-status-v1 state recovering-over-ssh ambiguous-input=1
everudp-status-v1 heartbeat disconnected elapsed-ms=909894 ambiguous-input=1
everudp-status-v1 state reconnecting ambiguous-input=1
everudp-status-v1 state recovering-over-ssh ambiguous-input=1
everudp-status-v1 heartbeat disconnected elapsed-ms=972913 ambiguous-input=1
everudp-status-v1 state reconnecting ambiguous-input=1
everudp-status-v1 state recovering-over-ssh ambiguous-input=1
everudp-status-v1 heartbeat disconnected elapsed-ms=1035929 ambiguous-input=1
everudp-status-v1 state reconnecting ambiguous-input=1
everudp-status-v1 state recovering-over-ssh ambiguous-input=1
everudp-status-v1 heartbeat disconnected elapsed-ms=1098945 ambiguous-input=1
everudp-status-v1 state reconnecting ambiguous-input=1
everudp-status-v1 state recovering-over-ssh ambiguous-input=1
everudp-status-v1 heartbeat disconnected elapsed-ms=1161961 ambiguous-input=1
everudp-status-v1 state reconnecting ambiguous-input=1
everudp-status-v1 state recovering-over-ssh ambiguous-input=1
everudp-status-v1 heartbeat disconnected elapsed-ms=1222163 ambiguous-input=1
everudp-status-v1 state reconnecting ambiguous-input=1
everudp-status-v1 state recovering-over-ssh ambiguous-input=1
everudp-status-v1 heartbeat disconnected elapsed-ms=1285182 ambiguous-input=1
everudp-status-v1 state reconnecting ambiguous-input=1
everudp-status-v1 state recovering-over-ssh ambiguous-input=1
everudp-status-v1 heartbeat disconnected elapsed-ms=1348199 ambiguous-input=1
everudp-status-v1 state reconnecting ambiguous-input=1
everudp-status-v1 state recovering-over-ssh ambiguous-input=1
everudp-status-v1 heartbeat disconnected elapsed-ms=1409169 ambiguous-input=1
everudp-status-v1 state reconnecting ambiguous-input=1
everudp-status-v1 state recovering-over-ssh ambiguous-input=1
everudp-status-v1 heartbeat disconnected elapsed-ms=1469651 ambiguous-input=1
everudp-status-v1 state reconnecting ambiguous-input=1
everudp-status-v1 state recovering-over-ssh ambiguous-input=1
everudp-status-v1 heartbeat disconnected elapsed-ms=1532674 ambiguous-input=1
everudp-status-v1 state reconnecting ambiguous-input=1
everudp-status-v1 state recovering-over-ssh ambiguous-input=1
everudp-status-v1 heartbeat disconnected elapsed-ms=1595694 ambiguous-input=1
everudp-status-v1 state reconnecting ambiguous-input=1
everudp-status-v1 state recovering-over-ssh ambiguous-input=1
everudp-status-v1 heartbeat disconnected elapsed-ms=1656433 ambiguous-input=1
everudp-status-v1 state reconnecting ambiguous-input=1
everudp-status-v1 state recovering-over-ssh ambiguous-input=1
everudp-status-v1 heartbeat disconnected elapsed-ms=1719447 ambiguous-input=1
everudp-status-v1 state reconnecting ambiguous-input=1
everudp-status-v1 state connected
everudp-status-v1 state carrying
everudp-status-v1 cause pty-exit carried=1 ambiguous-input=0
