   Compiling libc v0.2.189
   Compiling cfg-if v1.0.4
   Compiling proc-macro2 v1.0.107
   Compiling unicode-ident v1.0.24
   Compiling quote v1.0.47
   Compiling cfg_aliases v0.2.2
   Compiling version_check v0.9.5
   Compiling find-msvc-tools v0.1.11
   Compiling typenum v1.20.1
   Compiling shlex v2.0.1
   Compiling pin-project-lite v0.2.17
   Compiling subtle v2.6.1
   Compiling once_cell v1.21.4
   Compiling untrusted v0.9.0
   Compiling libm v0.2.16
   Compiling zeroize v1.9.0
   Compiling bytes v1.12.1
   Compiling getrandom v0.3.4
   Compiling zerocopy v0.8.57
   Compiling cpufeatures v0.2.17
   Compiling rustls v0.23.43
   Compiling rand_core v0.10.1
   Compiling siphasher v1.0.3
   Compiling thiserror v2.0.20
   Compiling opaque-debug v0.3.1
   Compiling getrandom v0.4.3
   Compiling tinyvec_macros v0.1.1
   Compiling unicode-segmentation v1.13.3
   Compiling portable-atomic v1.15.0
   Compiling unicode-xid v0.2.6
   Compiling rustc-hash v2.1.3
   Compiling lru-slab v0.1.2
   Compiling slab v0.4.12
   Compiling autocfg v1.5.1
   Compiling cpufeatures v0.3.0
   Compiling powerfmt v0.2.0
   Compiling num-conv v0.2.2
   Compiling futures-core v0.3.34
   Compiling deranged v0.5.8
   Compiling time-core v0.1.9
   Compiling foldhash v0.2.0
   Compiling futures-sink v0.3.34
   Compiling sorted-index-buffer v0.2.1
   Compiling identity-hash v0.1.0
   Compiling bitflags v2.13.1
   Compiling heck v0.5.0
   Compiling anstyle v1.0.14
   Compiling clap_lex v1.1.0
   Compiling noq-udp v1.1.1
   Compiling tinyvec v1.12.0
   Compiling nix v0.31.3
   Compiling noq v1.1.1 (/tmp/everudp-quinn-5d4c1283.kDbZfE/source/vendor/noq)
   Compiling quinn-udp v0.5.15
   Compiling quinn v0.11.11
   Compiling everudp-quinn-eval v0.1.0 (/tmp/everudp-quinn-5d4c1283.kDbZfE/source/spikes/everudp-quinn-eval)
   Compiling cc v1.4.4
   Compiling generic-array v0.14.7
   Compiling chacha20 v0.10.2
   Compiling rand_pcg v0.10.2
   Compiling tracing-core v0.1.36
   Compiling rustls-pki-types v1.15.1
   Compiling convert_case v0.10.0
   Compiling clap_builder v4.6.6
   Compiling memoffset v0.9.1
   Compiling tracing v0.1.44
   Compiling syn v3.0.3
   Compiling syn v2.0.119
   Compiling ring v0.17.14
   Compiling fastbloom v0.17.0
   Compiling time v0.3.55
   Compiling crypto-common v0.1.7
   Compiling inout v0.1.4
   Compiling universal-hash v0.5.1
   Compiling aead v0.5.2
   Compiling cipher v0.4.4
   Compiling polyval v0.6.2
   Compiling ghash v0.5.1
   Compiling ctr v0.9.2
   Compiling aes v0.8.4
   Compiling getrandom v0.2.17
   Compiling socket2 v0.6.5
   Compiling errno v0.3.14
   Compiling mio v1.2.2
   Compiling yasna v0.5.2
   Compiling signal-hook-registry v1.4.8
   Compiling aes-gcm v0.10.3
   Compiling rand_core v0.9.5
   Compiling rand v0.10.2
   Compiling derive_more-impl v2.1.1
   Compiling thiserror-impl v2.0.20
   Compiling tokio-macros v2.7.2
   Compiling enum-assoc v1.4.1
   Compiling clap_derive v4.6.4
   Compiling tokio v1.53.1
   Compiling ppv-lite86 v0.2.21
   Compiling derive_more v2.1.1
   Compiling everpty v0.1.0 (/tmp/everudp-quinn-5d4c1283.kDbZfE/source/crates/everpty)
   Compiling rand_chacha v0.9.0
   Compiling clap v4.6.6
   Compiling rand v0.9.5
   Compiling fastbloom v0.14.1
   Compiling rustls-webpki v0.103.14
   Compiling rcgen v0.13.2
   Compiling tokio-util v0.7.19
   Compiling tokio-stream v0.1.19
   Compiling noq-proto v1.1.1 (/tmp/everudp-quinn-5d4c1283.kDbZfE/source/vendor/noq-proto)
   Compiling quinn-proto v0.11.15
   Compiling everssh v0.1.0 (/tmp/everudp-quinn-5d4c1283.kDbZfE/source/crates/everssh)
    Finished `release` profile [optimized] target(s) in 3m 53s
