warning[duplicate]: found 2 duplicate entries for crate 'cpufeatures'
   ┌─ /tmp/everudp-quinn-5d4c1283.kDbZfE/source/spikes/everudp-quinn-eval/Cargo.lock:18:1
   │  
18 │ ╭ cpufeatures 0.2.17 registry+https://github.com/rust-lang/crates.io-index
19 │ │ cpufeatures 0.3.0 registry+https://github.com/rust-lang/crates.io-index
   │ ╰───────────────────────────────────────────────────────────────────────┘ lock entries
   │  
   ├ cpufeatures v0.2.17
     ├── aes v0.8.4
     │   └── aes-gcm v0.10.3
     │       └── noq-proto v1.1.1
     │           └── noq v1.1.1
     │               └── everssh v0.1.0
     │                   └── everudp-quinn-eval v0.1.0
     └── polyval v0.6.2
         └── ghash v0.5.1
             └── aes-gcm v0.10.3 (*)
   ├ cpufeatures v0.3.0
     └── chacha20 v0.10.2
         └── rand v0.10.2
             └── noq-proto v1.1.1
                 └── noq v1.1.1
                     └── everssh v0.1.0
                         └── everudp-quinn-eval v0.1.0

warning[duplicate]: found 2 duplicate entries for crate 'fastbloom'
   ┌─ /tmp/everudp-quinn-5d4c1283.kDbZfE/source/spikes/everudp-quinn-eval/Cargo.lock:30:1
   │  
30 │ ╭ fastbloom 0.14.1 registry+https://github.com/rust-lang/crates.io-index
31 │ │ fastbloom 0.17.0 registry+https://github.com/rust-lang/crates.io-index
   │ ╰──────────────────────────────────────────────────────────────────────┘ lock entries
   │  
   ├ fastbloom v0.14.1
     └── quinn-proto v0.11.15
         ├── everudp-quinn-eval v0.1.0
         └── quinn v0.11.11
             └── everudp-quinn-eval v0.1.0 (*)
   ├ fastbloom v0.17.0
     └── noq-proto v1.1.1
         └── noq v1.1.1
             └── everssh v0.1.0
                 └── everudp-quinn-eval v0.1.0

warning[duplicate]: found 3 duplicate entries for crate 'getrandom'
   ┌─ /tmp/everudp-quinn-5d4c1283.kDbZfE/source/spikes/everudp-quinn-eval/Cargo.lock:37:1
   │  
37 │ ╭ getrandom 0.2.17 registry+https://github.com/rust-lang/crates.io-index
38 │ │ getrandom 0.3.4 registry+https://github.com/rust-lang/crates.io-index
39 │ │ getrandom 0.4.3 registry+https://github.com/rust-lang/crates.io-index
   │ ╰─────────────────────────────────────────────────────────────────────┘ lock entries
   │  
   ├ getrandom v0.2.17
     └── ring v0.17.14
         ├── everssh v0.1.0
         │   └── everudp-quinn-eval v0.1.0
         ├── everudp-quinn-eval v0.1.0 (*)
         ├── noq-proto v1.1.1
         │   └── noq v1.1.1
         │       └── everssh v0.1.0 (*)
         ├── quinn-proto v0.11.15
         │   ├── everudp-quinn-eval v0.1.0 (*)
         │   └── quinn v0.11.11
         │       └── everudp-quinn-eval v0.1.0 (*)
         ├── rcgen v0.13.2
         │   ├── everssh v0.1.0 (*)
         │   └── everudp-quinn-eval v0.1.0 (*)
         ├── rustls v0.23.43
         │   ├── everudp-quinn-eval v0.1.0 (*)
         │   ├── noq v1.1.1 (*)
         │   ├── noq-proto v1.1.1 (*)
         │   ├── quinn v0.11.11 (*)
         │   └── quinn-proto v0.11.15 (*)
         └── rustls-webpki v0.103.14
             └── rustls v0.23.43 (*)
   ├ getrandom v0.3.4
     ├── fastbloom v0.14.1
     │   └── quinn-proto v0.11.15
     │       ├── everudp-quinn-eval v0.1.0
     │       └── quinn v0.11.11
     │           └── everudp-quinn-eval v0.1.0 (*)
     └── rand_core v0.9.5
         ├── rand v0.9.5
         │   ├── fastbloom v0.14.1 (*)
         │   └── quinn-proto v0.11.15 (*)
         └── rand_chacha v0.9.0
             └── rand v0.9.5 (*)
   ├ getrandom v0.4.3
     └── rand v0.10.2
         └── noq-proto v1.1.1
             └── noq v1.1.1
                 └── everssh v0.1.0
                     └── everudp-quinn-eval v0.1.0

warning[duplicate]: found 2 duplicate entries for crate 'rand'
   ┌─ /tmp/everudp-quinn-5d4c1283.kDbZfE/source/spikes/everudp-quinn-eval/Cargo.lock:66:1
   │  
66 │ ╭ rand 0.9.5 registry+https://github.com/rust-lang/crates.io-index
67 │ │ rand 0.10.2 registry+https://github.com/rust-lang/crates.io-index
   │ ╰─────────────────────────────────────────────────────────────────┘ lock entries
   │  
   ├ rand v0.9.5
     ├── fastbloom v0.14.1
     │   └── quinn-proto v0.11.15
     │       ├── everudp-quinn-eval v0.1.0
     │       └── quinn v0.11.11
     │           └── everudp-quinn-eval v0.1.0 (*)
     └── quinn-proto v0.11.15 (*)
   ├ rand v0.10.2
     └── noq-proto v1.1.1
         └── noq v1.1.1
             └── everssh v0.1.0
                 └── everudp-quinn-eval v0.1.0

warning[duplicate]: found 2 duplicate entries for crate 'rand_core'
   ┌─ /tmp/everudp-quinn-5d4c1283.kDbZfE/source/spikes/everudp-quinn-eval/Cargo.lock:69:1
   │  
69 │ ╭ rand_core 0.9.5 registry+https://github.com/rust-lang/crates.io-index
70 │ │ rand_core 0.10.1 registry+https://github.com/rust-lang/crates.io-index
   │ ╰──────────────────────────────────────────────────────────────────────┘ lock entries
   │  
   ├ rand_core v0.9.5
     ├── rand v0.9.5
     │   ├── fastbloom v0.14.1
     │   │   └── quinn-proto v0.11.15
     │   │       ├── everudp-quinn-eval v0.1.0
     │   │       └── quinn v0.11.11
     │   │           └── everudp-quinn-eval v0.1.0 (*)
     │   └── quinn-proto v0.11.15 (*)
     └── rand_chacha v0.9.0
         └── rand v0.9.5 (*)
   ├ rand_core v0.10.1
     ├── chacha20 v0.10.2
     │   └── rand v0.10.2
     │       └── noq-proto v1.1.1
     │           └── noq v1.1.1
     │               └── everssh v0.1.0
     │                   └── everudp-quinn-eval v0.1.0
     ├── getrandom v0.4.3
     │   └── rand v0.10.2 (*)
     ├── rand v0.10.2 (*)
     └── rand_pcg v0.10.2
         └── noq-proto v1.1.1 (*)

warning[duplicate]: found 2 duplicate entries for crate 'syn'
   ┌─ /tmp/everudp-quinn-5d4c1283.kDbZfE/source/spikes/everudp-quinn-eval/Cargo.lock:87:1
   │  
87 │ ╭ syn 2.0.119 registry+https://github.com/rust-lang/crates.io-index
88 │ │ syn 3.0.3 registry+https://github.com/rust-lang/crates.io-index
   │ ╰───────────────────────────────────────────────────────────────┘ lock entries
   │  
   ├ syn v2.0.119
     └── derive_more-impl v2.1.1
         └── derive_more v2.1.1
             ├── noq v1.1.1
             │   └── everssh v0.1.0
             │       └── everudp-quinn-eval v0.1.0
             └── noq-proto v1.1.1
                 └── noq v1.1.1 (*)
   ├ syn v3.0.3
     ├── clap_derive v4.6.4
     │   └── clap v4.6.6
     │       └── everudp-quinn-eval v0.1.0
     ├── enum-assoc v1.4.1
     │   └── noq-proto v1.1.1
     │       └── noq v1.1.1
     │           └── everssh v0.1.0
     │               └── everudp-quinn-eval v0.1.0 (*)
     ├── thiserror-impl v2.0.20
     │   └── thiserror v2.0.20
     │       ├── noq v1.1.1 (*)
     │       ├── noq-proto v1.1.1 (*)
     │       ├── quinn v0.11.11
     │       │   └── everudp-quinn-eval v0.1.0 (*)
     │       └── quinn-proto v0.11.15
     │           ├── everudp-quinn-eval v0.1.0 (*)
     │           └── quinn v0.11.11 (*)
     └── tokio-macros v2.7.2
         └── tokio v1.53.1
             ├── everssh v0.1.0 (*)
             ├── everudp-quinn-eval v0.1.0 (*)
             ├── noq v1.1.1 (*)
             ├── quinn v0.11.11 (*)
             ├── tokio-stream v0.1.19
             │   └── noq v1.1.1 (*)
             └── tokio-util v0.7.19
                 └── tokio-stream v0.1.19 (*)

warning[license-not-encountered]: license was not encountered
   ┌─ /tmp/everudp-quinn-5d4c1283.kDbZfE/source/deny.toml:10:4
   │
10 │   "Apache-2.0 WITH LLVM-exception",
   │    ━━━━━━━━━━━━━━━━━━━━━━━━━━━━━━ unmatched license allowance

advisories ok, bans ok, licenses ok, sources ok
