    Checking libc v0.2.189
    Checking cfg-if v1.0.4
    Checking typenum v1.20.1
    Checking subtle v2.6.1
    Checking pin-project-lite v0.2.17
    Checking untrusted v0.9.0
    Checking zeroize v1.9.0
    Checking rand_core v0.10.1
    Checking cpufeatures v0.2.17
    Checking once_cell v1.21.4
    Checking opaque-debug v0.3.1
    Checking bytes v1.12.1
    Checking cpufeatures v0.3.0
    Checking futures-sink v0.3.34
    Checking foldhash v0.2.0
    Checking siphasher v1.0.3
    Checking futures-core v0.3.34
    Checking deranged v0.5.8
    Checking tinyvec_macros v0.1.1
    Checking num-conv v0.2.2
    Checking powerfmt v0.2.0
    Checking time-core v0.1.9
    Checking rustc-hash v2.1.3
    Checking identity-hash v0.1.0
    Checking sorted-index-buffer v0.2.1
    Checking slab v0.4.12
    Checking lru-slab v0.1.2
    Checking clap_lex v1.1.0
    Checking anstyle v1.0.14
    Checking bitflags v2.13.1
    Checking libm v0.2.16
    Checking portable-atomic v1.15.0
    Checking thiserror v2.0.20
    Checking derive_more v2.1.1
    Checking memoffset v0.9.1
    Checking tinyvec v1.12.0
    Checking chacha20 v0.10.2
    Checking rand_pcg v0.10.2
    Checking rustls-pki-types v1.15.1
    Checking tracing-core v0.1.36
    Checking clap_builder v4.6.6
    Checking tracing v0.1.44
    Checking generic-array v0.14.7
    Checking fastbloom v0.17.0
    Checking crypto-common v0.1.7
    Checking inout v0.1.4
    Checking time v0.3.55
    Checking universal-hash v0.5.1
    Checking aead v0.5.2
    Checking cipher v0.4.4
    Checking polyval v0.6.2
    Checking ctr v0.9.2
    Checking aes v0.8.4
    Checking ghash v0.5.1
    Checking getrandom v0.2.17
    Checking errno v0.3.14
    Checking socket2 v0.6.5
    Checking mio v1.2.2
    Checking getrandom v0.4.3
    Checking nix v0.31.3
    Checking signal-hook-registry v1.4.8
    Checking ring v0.17.14
    Checking rand v0.10.2
    Checking clap v4.6.6
    Checking noq-udp v1.1.1
    Checking tokio v1.53.1
    Checking aes-gcm v0.10.3
    Checking yasna v0.5.2
    Checking rustls-webpki v0.103.14
    Checking rcgen v0.13.2
    Checking rustls v0.23.43
    Checking everpty v0.1.0 (/tmp/everudp-discarded-candidate.AO45vF/repo/crates/everpty)
    Checking tokio-util v0.7.19
    Checking tokio-stream v0.1.19
    Checking noq-proto v1.1.1 (/tmp/everudp-discarded-candidate.AO45vF/repo/vendor/noq-proto)
    Checking noq v1.1.1 (/tmp/everudp-discarded-candidate.AO45vF/repo/vendor/noq)
    Checking everssh v0.1.0 (/tmp/everudp-discarded-candidate.AO45vF/repo/crates/everssh)
    Checking everudp v0.1.0 (/tmp/everudp-discarded-candidate.AO45vF/repo/crates/everudp)
    Finished `dev` profile [unoptimized + debuginfo] target(s) in 1m 03s
