everudp-status-v1 state connecting
everudp-status-v1 state connected
everudp-status-v1 state carrying
everudp-status-v1 state disconnected ambiguous-input=1
everudp-status-v1 state migrating
everudp-status-v1 state reconnecting ambiguous-input=1
everudp-status-v1 state recovering-over-ssh ambiguous-input=1
everudp-status-v1 state reconnecting ambiguous-input=1
everudp-status-v1 heartbeat disconnected elapsed-ms=62989 ambiguous-input=1
everudp-status-v1 state recovering-over-ssh ambiguous-input=1
everudp-status-v1 state reconnecting ambiguous-input=1
everudp-status-v1 heartbeat disconnected elapsed-ms=122990 ambiguous-input=1
everudp-status-v1 state recovering-over-ssh ambiguous-input=1
everudp-status-v1 state reconnecting ambiguous-input=1
everudp-status-v1 heartbeat disconnected elapsed-ms=185318 ambiguous-input=1
everudp-status-v1 state recovering-over-ssh ambiguous-input=1
everudp-status-v1 state reconnecting ambiguous-input=1
everudp-status-v1 heartbeat disconnected elapsed-ms=245319 ambiguous-input=1
everudp-status-v1 state recovering-over-ssh ambiguous-input=1
everudp-status-v1 state reconnecting ambiguous-input=1
everudp-status-v1 heartbeat disconnected elapsed-ms=305320 ambiguous-input=1
everudp-status-v1 state recovering-over-ssh ambiguous-input=1
everudp-status-v1 state reconnecting ambiguous-input=1
everudp-status-v1 heartbeat disconnected elapsed-ms=365321 ambiguous-input=1
everudp-status-v1 state recovering-over-ssh ambiguous-input=1
everudp-status-v1 state reconnecting ambiguous-input=1
everudp-status-v1 heartbeat disconnected elapsed-ms=426164 ambiguous-input=1
everudp-status-v1 state recovering-over-ssh ambiguous-input=1
everudp-status-v1 state reconnecting ambiguous-input=1
everudp-status-v1 heartbeat disconnected elapsed-ms=486165 ambiguous-input=1
everudp-status-v1 state recovering-over-ssh ambiguous-input=1
everudp-status-v1 state reconnecting ambiguous-input=1
everudp-status-v1 heartbeat disconnected elapsed-ms=548406 ambiguous-input=1
everudp-status-v1 state recovering-over-ssh ambiguous-input=1
everudp-status-v1 state reconnecting ambiguous-input=1
everudp-status-v1 heartbeat disconnected elapsed-ms=608407 ambiguous-input=1
everudp-status-v1 state recovering-over-ssh ambiguous-input=1
everudp-status-v1 state reconnecting ambiguous-input=1
everudp-status-v1 heartbeat disconnected elapsed-ms=668408 ambiguous-input=1
everudp-status-v1 state recovering-over-ssh ambiguous-input=1
everudp-status-v1 state reconnecting ambiguous-input=1
everudp-status-v1 heartbeat disconnected elapsed-ms=728409 ambiguous-input=1
everudp-status-v1 state recovering-over-ssh ambiguous-input=1
everudp-status-v1 state reconnecting ambiguous-input=1
everudp-status-v1 heartbeat disconnected elapsed-ms=789795 ambiguous-input=1
everudp-status-v1 state recovering-over-ssh ambiguous-input=1
everudp-status-v1 heartbeat disconnected elapsed-ms=849804 ambiguous-input=1
everudp-status-v1 state reconnecting ambiguous-input=1
everudp-status-v1 state recovering-over-ssh ambiguous-input=1
everudp-status-v1 heartbeat disconnected elapsed-ms=912824 ambiguous-input=1
everudp-status-v1 state reconnecting ambiguous-input=1
everudp-status-v1 state recovering-over-ssh ambiguous-input=1
everudp-status-v1 heartbeat disconnected elapsed-ms=974031 ambiguous-input=1
everudp-status-v1 state reconnecting ambiguous-input=1
everudp-status-v1 state recovering-over-ssh ambiguous-input=1
everudp-status-v1 heartbeat disconnected elapsed-ms=1037048 ambiguous-input=1
everudp-status-v1 state reconnecting ambiguous-input=1
everudp-status-v1 state recovering-over-ssh ambiguous-input=1
everudp-status-v1 heartbeat disconnected elapsed-ms=1100068 ambiguous-input=1
everudp-status-v1 state reconnecting ambiguous-input=1
everudp-status-v1 state recovering-over-ssh ambiguous-input=1
everudp-status-v1 heartbeat disconnected elapsed-ms=1163088 ambiguous-input=1
everudp-status-v1 state reconnecting ambiguous-input=1
everudp-status-v1 state recovering-over-ssh ambiguous-input=1
everudp-status-v1 heartbeat disconnected elapsed-ms=1223596 ambiguous-input=1
everudp-status-v1 state reconnecting ambiguous-input=1
everudp-status-v1 state recovering-over-ssh ambiguous-input=1
everudp-status-v1 heartbeat disconnected elapsed-ms=1285963 ambiguous-input=1
everudp-status-v1 state reconnecting ambiguous-input=1
everudp-status-v1 state recovering-over-ssh ambiguous-input=1
everudp-status-v1 heartbeat disconnected elapsed-ms=1348984 ambiguous-input=1
everudp-status-v1 state reconnecting ambiguous-input=1
everudp-status-v1 state recovering-over-ssh ambiguous-input=1
everudp-status-v1 heartbeat disconnected elapsed-ms=1409451 ambiguous-input=1
everudp-status-v1 state reconnecting ambiguous-input=1
everudp-status-v1 state recovering-over-ssh ambiguous-input=1
everudp-status-v1 heartbeat disconnected elapsed-ms=1472396 ambiguous-input=1
everudp-status-v1 state reconnecting ambiguous-input=1
everudp-status-v1 state recovering-over-ssh ambiguous-input=1
everudp-status-v1 heartbeat disconnected elapsed-ms=1535412 ambiguous-input=1
everudp-status-v1 state reconnecting ambiguous-input=1
everudp-status-v1 state recovering-over-ssh ambiguous-input=1
everudp-status-v1 heartbeat disconnected elapsed-ms=1598432 ambiguous-input=1
everudp-status-v1 state reconnecting ambiguous-input=1
everudp-status-v1 state recovering-over-ssh ambiguous-input=1
everudp-status-v1 heartbeat disconnected elapsed-ms=1661452 ambiguous-input=1
everudp-status-v1 state reconnecting ambiguous-input=1
everudp-status-v1 state recovering-over-ssh ambiguous-input=1
everudp-status-v1 heartbeat disconnected elapsed-ms=1724467 ambiguous-input=1
everudp-status-v1 state reconnecting ambiguous-input=1
everudp-status-v1 state connected
everudp-status-v1 state carrying
everudp-status-v1 cause pty-exit carried=1 ambiguous-input=0
